/data2/gyp/HyPyraMamba/HypraMamba/train.py:23: FutureWarning: `torch.cuda.amp.GradScaler(args...)` is deprecated. Please use `torch.amp.GradScaler('cuda', args...)` instead.
  scaler = GradScaler(enabled=torch.cuda.is_available())
usage: train.py [-h] [--dataset_index DATASET_INDEX]
                [--data_set_path DATA_SET_PATH] [--work_dir WORK_DIR]
                [--lr LR] [--weight_decay WEIGHT_DECAY]
                [--max_epoch MAX_EPOCH] [--train_samples TRAIN_SAMPLES]
                [--val_samples VAL_SAMPLES] [--seed_list SEED_LIST]
                [--exp_name EXP_NAME]
                [--record_computecost RECORD_COMPUTECOST]
                [--save_vis SAVE_VIS] [--label_smoothing LABEL_SMOOTHING]
                [--class_weight_mode {auto,none,balanced}]
                [--pca_components PCA_COMPONENTS]
                [--gaussian_sigma GAUSSIAN_SIGMA] [--stretch_low STRETCH_LOW]
                [--stretch_high STRETCH_HIGH] [--hidden_dim HIDDEN_DIM]
                [--token_num TOKEN_NUM] [--group_num GROUP_NUM]
                [--use_residual USE_RESIDUAL] [--pool_size POOL_SIZE]
                [--cls_head_dim CLS_HEAD_DIM]
                [--prca_num_scales PRCA_NUM_SCALES]
                [--prca_num_layers PRCA_NUM_LAYERS]
                [--prca_num_heads PRCA_NUM_HEADS]
                [--lsp_reduction LSP_REDUCTION]
                [--spa_mamba_d_state SPA_MAMBA_D_STATE]
                [--spa_mamba_d_conv SPA_MAMBA_D_CONV]
                [--spa_mamba_expand SPA_MAMBA_EXPAND]
                [--spe_mamba_d_state SPE_MAMBA_D_STATE]
                [--spe_mamba_d_conv SPE_MAMBA_D_CONV]
                [--spe_mamba_expand SPE_MAMBA_EXPAND]
                [--pyramid_dilation PYRAMID_DILATION]
                [--ablation {full,wo_competitive,wo_dgs,wo_diff,wo_lpps,wo_lsp,wo_prca}]
                [--outer_residual_mode {no_outer,scaled,standard}]
                [--outer_residual_alpha OUTER_RESIDUAL_ALPHA]
                [--spectral_diff_alpha SPECTRAL_DIFF_ALPHA]
                [--tile_size TILE_SIZE] [--tile_overlap TILE_OVERLAP]
train.py: error: unrecognized arguments:  
Traceback (most recent call last):
  File "/data2/gyp/HyPyraMamba/HypraMamba/train.py", line 6, in <module>
    import torch
  File "/home/guest/anaconda3/envs/gyp_hsi_env/lib/python3.11/site-packages/torch/__init__.py", line 2287, in <module>
    import torch.nn.intrinsic
  File "/home/guest/anaconda3/envs/gyp_hsi_env/lib/python3.11/site-packages/torch/nn/intrinsic/__init__.py", line 19, in <module>
    from torch.nn.intrinsic import modules, qat, quantized  # noqa: F401
    ^^^^^^^^^^^^^^^^^^^^^^^^^^^^^^^^^^^^^^^^^^^^^^^^^^^^^^
  File "/home/guest/anaconda3/envs/gyp_hsi_env/lib/python3.11/site-packages/torch/nn/intrinsic/qat/__init__.py", line 1, in <module>
    from torch.nn.intrinsic.qat.modules import *  # noqa: F403
    ^^^^^^^^^^^^^^^^^^^^^^^^^^^^^^^^^^^^^^^^^^^^
  File "/home/guest/anaconda3/envs/gyp_hsi_env/lib/python3.11/site-packages/torch/nn/intrinsic/qat/modules/__init__.py", line 14, in <module>
    from torch.nn.intrinsic.qat.modules.linear_fused import LinearBn1d
  File "<frozen importlib._bootstrap>", line 1176, in _find_and_load
  File "<frozen importlib._bootstrap>", line 1147, in _find_and_load_unlocked
  File "<frozen importlib._bootstrap>", line 690, in _load_unlocked
  File "<frozen importlib._bootstrap_external>", line 936, in exec_module
  File "<frozen importlib._bootstrap_external>", line 1032, in get_code
  File "<frozen importlib._bootstrap_external>", line 1130, in get_data
KeyboardInterrupt
Traceback (most recent call last):
  File "/data2/gyp/HyPyraMamba/HypraMamba/train.py", line 7, in <module>
    import utils.data_load_operate as data_load_operate
  File "/data2/gyp/HyPyraMamba/HypraMamba/utils/data_load_operate.py", line 3, in <module>
    import scipy.io as sio
  File "/home/guest/anaconda3/envs/gyp_hsi_env/lib/python3.11/site-packages/scipy/io/__init__.py", line 102, in <module>
    from .matlab import loadmat, savemat, whosmat
  File "/home/guest/anaconda3/envs/gyp_hsi_env/lib/python3.11/site-packages/scipy/io/matlab/__init__.py", line 47, in <module>
    from ._mio import loadmat, savemat, whosmat
  File "/home/guest/anaconda3/envs/gyp_hsi_env/lib/python3.11/site-packages/scipy/io/matlab/_mio.py", line 9, in <module>
    from ._mio4 import MatFile4Reader, MatFile4Writer
  File "/home/guest/anaconda3/envs/gyp_hsi_env/lib/python3.11/site-packages/scipy/io/matlab/_mio4.py", line 10, in <module>
    import scipy.sparse
  File "/home/guest/anaconda3/envs/gyp_hsi_env/lib/python3.11/site-packages/scipy/sparse/__init__.py", line 307, in <module>
    from ._base import *
  File "/home/guest/anaconda3/envs/gyp_hsi_env/lib/python3.11/site-packages/scipy/sparse/_base.py", line 8, in <module>
    from ._sputils import (asmatrix, check_reshape_kwargs, check_shape,
  File "/home/guest/anaconda3/envs/gyp_hsi_env/lib/python3.11/site-packages/scipy/sparse/_sputils.py", line 10, in <module>
    from scipy._lib._util import np_long, np_ulong
  File "/home/guest/anaconda3/envs/gyp_hsi_env/lib/python3.11/site-packages/scipy/_lib/_util.py", line 17, in <module>
    from scipy._lib._array_api import (Array, array_namespace, is_lazy_array, is_numpy,
  File "/home/guest/anaconda3/envs/gyp_hsi_env/lib/python3.11/site-packages/scipy/_lib/_array_api.py", line 24, in <module>
    from scipy._lib.array_api_compat import (
  File "/home/guest/anaconda3/envs/gyp_hsi_env/lib/python3.11/site-packages/scipy/_lib/array_api_compat/numpy/__init__.py", line 9, in <module>
    __all__ = clone_module("numpy", globals())
              ^^^^^^^^^^^^^^^^^^^^^^^^^^^^^^^^
  File "/home/guest/anaconda3/envs/gyp_hsi_env/lib/python3.11/site-packages/scipy/_lib/array_api_compat/_internal.py", line 64, in clone_module
    exec(f"from {mod.__name__} import *", objs)
  File "<string>", line 1, in <module>
  File "<frozen importlib._bootstrap>", line 1227, in _handle_fromlist
  File "<frozen importlib._bootstrap>", line 1229, in _handle_fromlist
  File "/home/guest/anaconda3/envs/gyp_hsi_env/lib/python3.11/site-packages/numpy/__init__.py", line 739, in __getattr__
    import numpy.f2py as f2py
  File "/home/guest/anaconda3/envs/gyp_hsi_env/lib/python3.11/site-packages/numpy/f2py/__init__.py", line 19, in <module>
    from . import diagnose, f2py2e
  File "/home/guest/anaconda3/envs/gyp_hsi_env/lib/python3.11/site-packages/numpy/f2py/f2py2e.py", line 21, in <module>
    from . import (
  File "/home/guest/anaconda3/envs/gyp_hsi_env/lib/python3.11/site-packages/numpy/f2py/rules.py", line 328, in <module>
    'modnote': {hasnote: '#note#', l_not(hasnote): ''},
                                   ^^^^^^^^^^^^^^
  File "/home/guest/anaconda3/envs/gyp_hsi_env/lib/python3.11/site-packages/numpy/f2py/auxfuncs.py", line 644, in l_not
    return eval('lambda v,f=f:not f(v)')
           ^^^^^^^^^^^^^^^^^^^^^^^^^^^^^
  File "<string>", line 0, in <module>
KeyboardInterrupt
